Warning found:
at tests/purs/warning/DeprecatedCaseOfOffsideSyntax1.purs:9:3 - 9:4 (line 9, column 3 - line 9, column 4)

  Dedented expressions in case branches are deprecated and will be removed in a future release. Indent the branch's expression past it's binder instead.


See https://github.com/purescript/documentation/blob/master/errors/WarningParsingModule.md for more information,
or to contribute content related to this warning.

