Warning found:
at tests/purs/warning/NewtypeInstanceMissingSuperclassInstance.purs:8:1 - 8:38 (line 8, column 1 - line 8, column 38)

  The derived newtype instance for
  [33m                [0m
  [33m  Data.Ord.Ord X[0m
  [33m                [0m
  implies a missing superclass instance for [33mData.Eq.Eq[0m.


See https://github.com/purescript/documentation/blob/master/errors/MissingSuperclassInstance.md for more information,
or to contribute content related to this warning.

